/contact 184.123.665.067
/index 444.701.448.104
/contact 184.123.665.067
